Copyright 1986-2022 Xilinx, Inc. All Rights Reserved.
--------------------------------------------------------------------------------------------
| Tool Version : Vivado v.2022.2 (win64) Build 3671981 Fri Oct 14 05:00:03 MDT 2022
| Date         : Fri Mar 22 08:50:50 2024
| Host         : DESKTOP-PDOT4RD running 64-bit major release  (build 9200)
| Command      : report_control_sets -verbose -file ICOBS_light_TOP_control_sets_placed.rpt
| Design       : ICOBS_light_TOP
| Device       : xc7a35t
--------------------------------------------------------------------------------------------

Control Set Information

Table of Contents
-----------------
1. Summary
2. Histogram
3. Flip-Flop Distribution
4. Detailed Control Set Information

1. Summary
----------

+----------------------------------------------------------+-------+
|                          Status                          | Count |
+----------------------------------------------------------+-------+
| Total control sets                                       |   105 |
|    Minimum number of control sets                        |   105 |
|    Addition due to synthesis replication                 |     0 |
|    Addition due to physical synthesis replication        |     0 |
| Unused register locations in slices containing registers |   156 |
+----------------------------------------------------------+-------+
* Control sets can be merged at opt_design using control_set_merge or merge_equivalent_drivers
** Run report_qor_suggestions for automated merging and remapping suggestions


2. Histogram
------------

+--------------------+-------+
|       Fanout       | Count |
+--------------------+-------+
| Total control sets |   105 |
| >= 0 to < 4        |     4 |
| >= 4 to < 6        |    14 |
| >= 6 to < 8        |     3 |
| >= 8 to < 10       |    23 |
| >= 10 to < 12      |     0 |
| >= 12 to < 14      |     1 |
| >= 14 to < 16      |     1 |
| >= 16              |    59 |
+--------------------+-------+
* Control sets can be remapped at either synth_design or opt_design


3. Flip-Flop Distribution
-------------------------

+--------------+-----------------------+------------------------+-----------------+--------------+
| Clock Enable | Synchronous Set/Reset | Asynchronous Set/Reset | Total Registers | Total Slices |
+--------------+-----------------------+------------------------+-----------------+--------------+
| No           | No                    | No                     |              11 |            9 |
| No           | No                    | Yes                    |             161 |           75 |
| No           | Yes                   | No                     |               0 |            0 |
| Yes          | No                    | No                     |             278 |          126 |
| Yes          | No                    | Yes                    |            1554 |          691 |
| Yes          | Yes                   | No                     |               0 |            0 |
+--------------+-----------------------+------------------------+-----------------+--------------+


4. Detailed Control Set Information
-----------------------------------

+----------------------------------------------+--------------------------------------------------------------------------------------------------+-------------------------------------------+------------------+----------------+--------------+
|                 Clock Signal                 |                                           Enable Signal                                          |              Set/Reset Signal             | Slice Load Count | Bel Load Count | Bels / Slice |
+----------------------------------------------+--------------------------------------------------------------------------------------------------+-------------------------------------------+------------------+----------------+--------------+
|  EXTCLK_IBUF_BUFG                            |                                                                                                  |                                           |                1 |              1 |         1.00 |
| ~CLK50M_s_BUFG                               |                                                                                                  |                                           |                1 |              1 |         1.00 |
|  MCU/periphs/U_MY_PERIPH/U_SEG_CTRL/dut2/CLK |                                                                                                  | MCU/periphs/U_RSTCLK/AR[0]                |                1 |              2 |         2.00 |
|  CLK50M_s_BUFG                               | MCU/periphs/U_RSTCLK/SOFTRESET22_out                                                             | MCU/periphs/U_RSTCLK/SigMEMSEL[1]_i_2_n_0 |                1 |              2 |         2.00 |
|  IBEX/IBEX_VER_1/clk                         | MCU/IBEX/IBEX_VER_1/if_stage_i/instr_rdata_id_o_reg[27]_5[0]                                     | MCU/periphs/U_RSTCLK/AR[0]                |                1 |              4 |         4.00 |
|  CLK50M_s_BUFG                               | MCU/periphs/U_GPIOC/RegMODE0                                                                     | MCU/periphs/U_RSTCLK/AR[0]                |                1 |              4 |         4.00 |
|  CLK50M_s_BUFG                               | MCU/periphs/U_GPIOC/RegODR0                                                                      | MCU/periphs/U_RSTCLK/AR[0]                |                1 |              4 |         4.00 |
|  CLK50M_s_BUFG                               | MCU/periphs/U_UART1/RxStep0                                                                      | MCU/periphs/U_RSTCLK/AR[0]                |                2 |              4 |         2.00 |
|  CLK50M_s_BUFG                               | MCU/periphs/U_GPIOC/RegODRAIN0                                                                   | MCU/periphs/U_RSTCLK/AR[0]                |                1 |              4 |         4.00 |
|  CLK50M_s_BUFG                               | MCU/IBEX/IBEX_VER_1/if_stage_i/gen_prefetch_buffer.prefetch_buffer_i/RegCLKEN_reg[2]_1[0]        | MCU/periphs/U_RSTCLK/AR[0]                |                2 |              4 |         2.00 |
|  IBEX/IBEX_VER_1/clk                         | MCU/IBEX/IBEX_VER_1/id_stage_i/controller_i/ctrl_fsm_ns                                          | MCU/periphs/U_RSTCLK/AR[0]                |                2 |              4 |         2.00 |
|  IBEX/IBEX_VER_1/clk                         | MCU/IBEX/IBEX_VER_1/if_stage_i/dcsr_q[prv][1]_i_4_0[0]                                           | MCU/periphs/U_RSTCLK/AR[0]                |                2 |              5 |         2.50 |
|  CLK50M_s_BUFG                               | MCU/periphs/U_UART1/TXD_DOUT0                                                                    | MCU/periphs/U_RSTCLK/AR[0]                |                1 |              5 |         5.00 |
|  CLK50M_s_BUFG                               | MCU/IBEX/IBEX_VER_1/if_stage_i/gen_prefetch_buffer.prefetch_buffer_i/RESET_reg_3[0]              | MCU/periphs/U_RSTCLK/AR[0]                |                3 |              5 |         1.67 |
|  CLK50M_s_BUFG                               | MCU/periphs/U_UART1/RxFilter0                                                                    | MCU/periphs/U_RSTCLK/AR[0]                |                2 |              5 |         2.50 |
|  CLK50M_s_BUFG                               | MCU/periphs/U_RSTCLK/RegCLKEN                                                                    | MCU/periphs/U_RSTCLK/AR[0]                |                1 |              5 |         5.00 |
|  CLK50M_s_BUFG                               | POR/RST                                                                                          |                                           |                1 |              5 |         5.00 |
|  IBEX/IBEX_VER_1/clk                         | MCU/IBEX/IBEX_VER_1/if_stage_i/dcsr_d9_out                                                       | MCU/periphs/U_RSTCLK/AR[0]                |                4 |              5 |         1.25 |
|  IBEX/IBEX_VER_1/clk                         | MCU/IBEX/IBEX_VER_1/if_stage_i/instr_rdata_id_o_reg[27]_2[0]                                     | MCU/periphs/U_RSTCLK/AR[0]                |                3 |              6 |         2.00 |
|  CLK50M_s_BUFG                               | MCU/periphs/U_UART1/RegCR10                                                                      | MCU/periphs/U_RSTCLK/AR[0]                |                1 |              6 |         6.00 |
|  IBEX/IBEX_VER_1/clk                         | MCU/IBEX/IBEX_VER_1/load_store_unit_i/ctrl_update                                                | MCU/periphs/U_RSTCLK/AR[0]                |                2 |              6 |         3.00 |
|  IBEX/IBEX_VER_1/clk                         | MCU/IBEX/IBEX_VER_1/if_stage_i/FSM_sequential_ls_fsm_cs_reg[2]_1[1]                              | MCU/periphs/U_RSTCLK/AR[0]                |                3 |              8 |         2.67 |
|  IBEX/IBEX_VER_1/clk                         | MCU/IBEX/IBEX_VER_1/if_stage_i/FSM_sequential_ls_fsm_cs_reg[2][1]                                | MCU/periphs/U_RSTCLK/AR[0]                |                3 |              8 |         2.67 |
|  IBEX/IBEX_VER_1/clk                         | MCU/IBEX/IBEX_VER_1/if_stage_i/FSM_sequential_ls_fsm_cs_reg[2]_0[1]                              | MCU/periphs/U_RSTCLK/AR[0]                |                4 |              8 |         2.00 |
|  IBEX/IBEX_VER_1/clk                         | MCU/IBEX/IBEX_VER_1/if_stage_i/div_en_ex                                                         | MCU/periphs/U_RSTCLK/AR[0]                |                4 |              8 |         2.00 |
|  IBEX/IBEX_VER_1/clk                         | MCU/IBEX/IBEX_VER_1/if_stage_i/mcountinhibit_q_reg[12][1]                                        | MCU/periphs/U_RSTCLK/AR[0]                |                5 |              8 |         1.60 |
|  CLK50M_s_BUFG                               | MCU/IBEX/IBEX_VER_1/if_stage_i/gen_prefetch_buffer.prefetch_buffer_i/RESET_reg_1[0]              | MCU/periphs/U_RSTCLK/AR[0]                |                2 |              8 |         4.00 |
|  CLK50M_s_BUFG                               | MCU/IBEX/IBEX_VER_1/if_stage_i/gen_prefetch_buffer.prefetch_buffer_i/RESET_reg_2[0]              | MCU/periphs/U_RSTCLK/AR[0]                |                2 |              8 |         4.00 |
|  CLK50M_s_BUFG                               | MCU/periphs/U_UART1/TxShifter0                                                                   | MCU/periphs/U_RSTCLK/AR[0]                |                2 |              8 |         4.00 |
|  CLK50M_s_BUFG                               | MCU/periphs/U_UART1/RxShifter0                                                                   | MCU/periphs/U_RSTCLK/AR[0]                |                2 |              8 |         4.00 |
|  CLK50M_s_BUFG                               | MCU/IBEX/IBEX_VER_1/if_stage_i/gen_prefetch_buffer.prefetch_buffer_i/RegCLKEN_reg[4][0]          | MCU/periphs/U_RSTCLK/AR[0]                |                3 |              8 |         2.67 |
|  CLK50M_s_BUFG                               | MCU/IBEX/IBEX_VER_1/if_stage_i/gen_prefetch_buffer.prefetch_buffer_i/RegCLKEN_reg[1]_0[0]        | MCU/periphs/U_RSTCLK/AR[0]                |                2 |              8 |         4.00 |
|  CLK50M_s_BUFG                               | MCU/periphs/U_UART1/RegTXDATA0                                                                   | MCU/periphs/U_RSTCLK/AR[0]                |                1 |              8 |         8.00 |
|  CLK50M_s_BUFG                               | MCU/periphs/U_UART1/E[0]                                                                         | MCU/periphs/U_RSTCLK/AR[0]                |                1 |              8 |         8.00 |
|  CLK50M_s_BUFG                               | MCU/IBEX/IBEX_VER_1/if_stage_i/gen_prefetch_buffer.prefetch_buffer_i/RegCLKEN_reg[3][0]          | MCU/periphs/U_RSTCLK/AR[0]                |                2 |              8 |         4.00 |
|  CLK50M_s_BUFG                               | MCU/IBEX/IBEX_VER_1/if_stage_i/gen_prefetch_buffer.prefetch_buffer_i/RegCLKEN_reg[0]_0[0]        | MCU/periphs/U_RSTCLK/AR[0]                |                2 |              8 |         4.00 |
|  IBEX/IBEX_VER_1/clk                         | MCU/IBEX/IBEX_VER_1/if_stage_i/instr_valid_id_q_reg_1[1]                                         | MCU/periphs/U_RSTCLK/AR[0]                |                3 |              8 |         2.67 |
|  IBEX/IBEX_VER_1/clk                         | MCU/IBEX/IBEX_VER_1/if_stage_i/g_branch_set_flop.branch_set_q_reg[1]                             | MCU/periphs/U_RSTCLK/AR[0]                |                5 |              8 |         1.60 |
|  IBEX/IBEX_VER_1/clk                         | MCU/IBEX/IBEX_VER_1/if_stage_i/instr_is_compressed_id_o_reg_0[1]                                 | MCU/periphs/U_RSTCLK/AR[0]                |                4 |              8 |         2.00 |
|  IBEX/IBEX_VER_1/clk                         | MCU/IBEX/IBEX_VER_1/if_stage_i/mcountinhibit_q_reg[8][1]                                         | MCU/periphs/U_RSTCLK/AR[0]                |                4 |              8 |         2.00 |
|  IBEX/IBEX_VER_1/clk                         | MCU/IBEX/IBEX_VER_1/if_stage_i/mcountinhibit_q_reg[7][1]                                         | MCU/periphs/U_RSTCLK/AR[0]                |                3 |              8 |         2.67 |
|  IBEX/IBEX_VER_1/clk                         | MCU/IBEX/IBEX_VER_1/if_stage_i/mcountinhibit_q_reg[11][1]                                        | MCU/periphs/U_RSTCLK/AR[0]                |                5 |              8 |         1.60 |
|  CLK50M_s_BUFG                               | MCU/IBEX/IBEX_VER_1/if_stage_i/gen_prefetch_buffer.prefetch_buffer_i/RegCLKEN_reg[2]_0[0]        | MCU/periphs/U_RSTCLK/AR[0]                |                2 |              8 |         4.00 |
|  CLK50M_s_BUFG                               |                                                                                                  |                                           |                7 |              9 |         1.29 |
|  IBEX/IBEX_VER_1/clk                         | MCU/IBEX/IBEX_VER_1/if_stage_i/mie_q[irq_software]_i_8_0[0]                                      | MCU/periphs/U_RSTCLK/AR[0]                |                9 |             12 |         1.33 |
|  CLK50M_s_BUFG                               |                                                                                                  | POR/RST                                   |                3 |             14 |         4.67 |
|  CLK50M_s_BUFG                               | MCU/periphs/U_TIMER1/counter0                                                                    | MCU/periphs/U_RSTCLK/AR[0]                |                5 |             16 |         3.20 |
|  CLK50M_s_BUFG                               | MCU/periphs/U_TIMER1/RegCR20                                                                     | MCU/periphs/U_RSTCLK/AR[0]                |                4 |             16 |         4.00 |
|  CLK50M_s_BUFG                               | MCU/IBEX/IBEX_VER_1/if_stage_i/gen_prefetch_buffer.prefetch_buffer_i/RegCLKEN_reg[3]_0[0]        | MCU/periphs/U_RSTCLK/AR[0]                |                6 |             16 |         2.67 |
|  CLK50M_s_BUFG                               | MCU/IBEX/IBEX_VER_1/if_stage_i/gen_prefetch_buffer.prefetch_buffer_i/RegCLKEN_reg[1]_1[0]        | MCU/periphs/U_RSTCLK/AR[0]                |               10 |             16 |         1.60 |
|  CLK50M_s_BUFG                               | MCU/IBEX/IBEX_VER_1/if_stage_i/gen_prefetch_buffer.prefetch_buffer_i/RegCLKEN_reg[0]_1[0]        | MCU/periphs/U_RSTCLK/AR[0]                |               12 |             16 |         1.33 |
|  CLK50M_s_BUFG                               | MCU/IBEX/IBEX_VER_1/if_stage_i/gen_prefetch_buffer.prefetch_buffer_i/RegCLKEN_reg[4]_1[0]        | MCU/periphs/U_RSTCLK/AR[0]                |                6 |             16 |         2.67 |
|  CLK50M_s_BUFG                               | MCU/periphs/U_GPIOA/RegMODE0                                                                     | MCU/periphs/U_RSTCLK/AR[0]                |                5 |             16 |         3.20 |
|  CLK50M_s_BUFG                               | MCU/periphs/U_GPIOA/RegODR0                                                                      | MCU/periphs/U_RSTCLK/AR[0]                |                6 |             16 |         2.67 |
|  CLK50M_s_BUFG                               | MCU/periphs/U_GPIOA/RegODRAIN0                                                                   | MCU/periphs/U_RSTCLK/AR[0]                |                3 |             16 |         5.33 |
|  CLK50M_s_BUFG                               | MCU/periphs/U_GPIOB/RegODR0                                                                      | MCU/periphs/U_RSTCLK/AR[0]                |                9 |             16 |         1.78 |
|  CLK50M_s_BUFG                               | MCU/periphs/U_GPIOB/RegODRAIN0                                                                   | MCU/periphs/U_RSTCLK/AR[0]                |                6 |             16 |         2.67 |
|  CLK50M_s_BUFG                               | MCU/periphs/U_GPIOB/RegMODE0                                                                     | MCU/periphs/U_RSTCLK/AR[0]                |                6 |             16 |         2.67 |
|  CLK50M_s_BUFG                               | MCU/periphs/U_TIMER1/RegARR0                                                                     | MCU/periphs/U_RSTCLK/AR[0]                |                5 |             16 |         3.20 |
|  CLK50M_s_BUFG                               | MCU/periphs/U_UART1/RegCR20                                                                      | MCU/periphs/U_RSTCLK/AR[0]                |                5 |             16 |         3.20 |
|  IBEX/IBEX_VER_1/clk                         | MCU/IBEX/IBEX_VER_1/if_stage_i/mie_q[irq_software]_i_8_1[0]                                      | MCU/periphs/U_RSTCLK/AR[0]                |                9 |             18 |         2.00 |
|  CLK50M_s_BUFG                               | MCU/periphs/U_RSTCLK/RegCLKEN_reg[4]_1[3]                                                        | MCU/periphs/U_RSTCLK/AR[0]                |                4 |             19 |         4.75 |
|  CLK50M_s_BUFG                               | MCU/periphs/U_RSTCLK/RegCLKEN_reg[4]_1[4]                                                        | MCU/periphs/U_RSTCLK/AR[0]                |                7 |             19 |         2.71 |
|  IBEX/IBEX_VER_1/clk                         | MCU/IBEX/IBEX_VER_1/load_store_unit_i/rdata_update                                               | MCU/periphs/U_RSTCLK/AR[0]                |               10 |             24 |         2.40 |
|  IBEX/IBEX_VER_1/clk                         | MCU/IBEX/IBEX_VER_1/id_stage_i/controller_i/g_branch_set_flop.branch_set_q_reg_1[0]              | MCU/periphs/U_RSTCLK/AR[0]                |               12 |             24 |         2.00 |
|  IBEX/IBEX_VER_1/clk                         |                                                                                                  | MCU/periphs/U_RSTCLK/AR[0]                |               20 |             29 |         1.45 |
|  IBEX/IBEX_VER_1/clk                         | MCU/IBEX/IBEX_VER_1/if_stage_i/gen_prefetch_buffer.prefetch_buffer_i/fifo_i/valid_req_q_reg[0]   |                                           |               18 |             30 |         1.67 |
|  IBEX/IBEX_VER_1/clk                         | MCU/IBEX/IBEX_VER_1/if_stage_i/gen_prefetch_buffer.prefetch_buffer_i/fifo_i/valid_req_q_reg_0[0] |                                           |                8 |             30 |         3.75 |
|  IBEX/IBEX_VER_1/clk                         | MCU/IBEX/IBEX_VER_1/if_stage_i/dcsr_q[prv][1]_i_4[0]                                             | MCU/periphs/U_RSTCLK/AR[0]                |               19 |             31 |         1.63 |
|  IBEX/IBEX_VER_1/clk                         | MCU/IBEX/IBEX_VER_1/if_stage_i/instr_rdata_id_o_reg[27]_1[0]                                     | MCU/periphs/U_RSTCLK/AR[0]                |               19 |             31 |         1.63 |
|  IBEX/IBEX_VER_1/clk                         | MCU/IBEX/IBEX_VER_1/id_stage_i/controller_i/E[0]                                                 |                                           |                8 |             31 |         3.88 |
|  IBEX/IBEX_VER_1/clk                         | MCU/IBEX/IBEX_VER_1/if_stage_i/debug_mode_q_reg_0[0]                                             | MCU/periphs/U_RSTCLK/AR[0]                |               21 |             32 |         1.52 |
|  IBEX/IBEX_VER_1/clk                         | MCU/IBEX/IBEX_VER_1/if_stage_i/g_branch_set_flop.branch_set_q_reg[0]                             | MCU/periphs/U_RSTCLK/AR[0]                |               16 |             32 |         2.00 |
|  IBEX/IBEX_VER_1/clk                         | MCU/IBEX/IBEX_VER_1/if_stage_i/imd_val_we_ex[1]                                                  | MCU/periphs/U_RSTCLK/AR[0]                |               29 |             32 |         1.10 |
|  IBEX/IBEX_VER_1/clk                         | MCU/IBEX/IBEX_VER_1/if_stage_i/mcountinhibit_q_reg[2][1]                                         | MCU/periphs/U_RSTCLK/AR[0]                |               10 |             32 |         3.20 |
|  IBEX/IBEX_VER_1/clk                         | MCU/IBEX/IBEX_VER_1/if_stage_i/instr_is_compressed_id_o_reg_0[0]                                 | MCU/periphs/U_RSTCLK/AR[0]                |               13 |             32 |         2.46 |
|  IBEX/IBEX_VER_1/clk                         | MCU/IBEX/IBEX_VER_1/if_stage_i/instr_valid_id_q_reg_1[0]                                         | MCU/periphs/U_RSTCLK/AR[0]                |               13 |             32 |         2.46 |
|  CLK50M_s_BUFG                               | MCU/IBEX/IBEX_VER_1/if_stage_i/gen_prefetch_buffer.prefetch_buffer_i/RESET_reg_0[0]              | MCU/periphs/U_RSTCLK/AR[0]                |               18 |             32 |         1.78 |
|  IBEX/IBEX_VER_1/clk                         | MCU/IBEX/IBEX_VER_1/if_stage_i/mcountinhibit_q_reg[2][0]                                         | MCU/periphs/U_RSTCLK/AR[0]                |               14 |             32 |         2.29 |
|  IBEX/IBEX_VER_1/clk                         | MCU/IBEX/IBEX_VER_1/if_stage_i/mcountinhibit_q_reg[12][0]                                        | MCU/periphs/U_RSTCLK/AR[0]                |               15 |             32 |         2.13 |
|  IBEX/IBEX_VER_1/clk                         | MCU/IBEX/IBEX_VER_1/if_stage_i/mcountinhibit_q_reg[11][0]                                        | MCU/periphs/U_RSTCLK/AR[0]                |               18 |             32 |         1.78 |
|  IBEX/IBEX_VER_1/clk                         | MCU/IBEX/IBEX_VER_1/if_stage_i/mcountinhibit_q_reg[8][0]                                         | MCU/periphs/U_RSTCLK/AR[0]                |               16 |             32 |         2.00 |
|  IBEX/IBEX_VER_1/clk                         | MCU/IBEX/IBEX_VER_1/if_stage_i/mcountinhibit_q_reg[7][0]                                         | MCU/periphs/U_RSTCLK/AR[0]                |               13 |             32 |         2.46 |
|  IBEX/IBEX_VER_1/clk                         | MCU/IBEX/IBEX_VER_1/if_stage_i/mcountinhibit_q_reg[0][0]                                         | MCU/periphs/U_RSTCLK/AR[0]                |               12 |             32 |         2.67 |
|  CLK50M_s_BUFG                               | MCU/periphs/U_MY_PERIPH/Reg2                                                                     | MCU/periphs/U_RSTCLK/AR[0]                |               15 |             32 |         2.13 |
|  IBEX/IBEX_VER_1/clk                         | MCU/IBEX/IBEX_VER_1/load_store_unit_i/addr_update                                                | MCU/periphs/U_RSTCLK/AR[0]                |                9 |             32 |         3.56 |
|  IBEX/IBEX_VER_1/clk                         | MCU/IBEX/IBEX_VER_1/if_stage_i/mcountinhibit_q[12]_i_5_0[0]                                      | MCU/periphs/U_RSTCLK/AR[0]                |               17 |             32 |         1.88 |
|  IBEX/IBEX_VER_1/clk                         | MCU/IBEX/IBEX_VER_1/if_stage_i/mcountinhibit_q_reg[0][1]                                         | MCU/periphs/U_RSTCLK/AR[0]                |               12 |             32 |         2.67 |
|  CLK50M_s_BUFG                               | MCU/periphs/U_MY_PERIPH/Reg1                                                                     | MCU/periphs/U_RSTCLK/AR[0]                |                9 |             32 |         3.56 |
|  CLK50M_s_BUFG                               | MCU/periphs/U_MY_PERIPH/Reg3                                                                     | MCU/periphs/U_RSTCLK/AR[0]                |                9 |             32 |         3.56 |
|  CLK50M_s_BUFG                               | MCU/periphs/U_MY_PERIPH/Reg4                                                                     | MCU/periphs/U_RSTCLK/AR[0]                |               12 |             32 |         2.67 |
|  IBEX/IBEX_VER_1/clk                         | MCU/IBEX/IBEX_VER_1/ex_block_i/gen_multdiv_fast.multdiv_i/op_quotient_q                          | MCU/periphs/U_RSTCLK/AR[0]                |               16 |             32 |         2.00 |
|  IBEX/IBEX_VER_1/clk                         | MCU/IBEX/IBEX_VER_1/if_stage_i/FSM_sequential_ls_fsm_cs_reg[2]_0[0]                              | MCU/periphs/U_RSTCLK/AR[0]                |               15 |             32 |         2.13 |
|  IBEX/IBEX_VER_1/clk                         | MCU/IBEX/IBEX_VER_1/if_stage_i/FSM_sequential_ls_fsm_cs_reg[2]_1[0]                              | MCU/periphs/U_RSTCLK/AR[0]                |               13 |             32 |         2.46 |
|  IBEX/IBEX_VER_1/clk                         | MCU/IBEX/IBEX_VER_1/ex_block_i/gen_multdiv_fast.multdiv_i/op_numerator_q                         | MCU/periphs/U_RSTCLK/AR[0]                |               17 |             32 |         1.88 |
|  IBEX/IBEX_VER_1/clk                         | MCU/IBEX/IBEX_VER_1/if_stage_i/dcsr_q[step]_i_4_0[0]                                             | MCU/periphs/U_RSTCLK/AR[0]                |               13 |             32 |         2.46 |
|  IBEX/IBEX_VER_1/clk                         | MCU/IBEX/IBEX_VER_1/if_stage_i/dcsr_q[step]_i_4_1[0]                                             | MCU/periphs/U_RSTCLK/AR[0]                |               11 |             32 |         2.91 |
|  IBEX/IBEX_VER_1/clk                         | MCU/IBEX/IBEX_VER_1/if_stage_i/FSM_sequential_ls_fsm_cs_reg[2][0]                                | MCU/periphs/U_RSTCLK/AR[0]                |               15 |             32 |         2.13 |
|  IBEX/IBEX_VER_1/clk                         | MCU/IBEX/IBEX_VER_1/if_stage_i/gen_prefetch_buffer.prefetch_buffer_i/fifo_i/entry_en_1           |                                           |               13 |             33 |         2.54 |
|  IBEX/IBEX_VER_1/clk                         | MCU/IBEX/IBEX_VER_1/if_stage_i/gen_prefetch_buffer.prefetch_buffer_i/fifo_i/entry_en_2           |                                           |               14 |             33 |         2.36 |
|  IBEX/IBEX_VER_1/clk                         | MCU/IBEX/IBEX_VER_1/if_stage_i/gen_prefetch_buffer.prefetch_buffer_i/fifo_i/entry_en_0           |                                           |               14 |             33 |         2.36 |
|  IBEX/IBEX_VER_1/clk                         | MCU/IBEX/IBEX_VER_1/if_stage_i/imd_val_we_ex[0]                                                  | MCU/periphs/U_RSTCLK/AR[0]                |               29 |             34 |         1.17 |
|  IBEX/IBEX_VER_1/clk                         | MCU/IBEX/IBEX_VER_1/if_stage_i/gen_prefetch_buffer.prefetch_buffer_i/fifo_i/E[0]                 |                                           |               50 |             83 |         1.66 |
|  CLK50M_s_BUFG                               | MCU/IBEX/IBEX_VER_1/gen_regfile_fpga.register_file_i/we__0                                       |                                           |               11 |             88 |         8.00 |
|  CLK50M_s_BUFG                               |                                                                                                  | MCU/periphs/U_RSTCLK/AR[0]                |               51 |            116 |         2.27 |
+----------------------------------------------+--------------------------------------------------------------------------------------------------+-------------------------------------------+------------------+----------------+--------------+


